INFO:     Will watch for changes in these directories: ['C:\\Users\\koish\\OneDrive\\Рабочий стол\\job projects\\plana\\mvp\\plana\\engine']
INFO:     Uvicorn running on http://127.0.0.1:8001 (Press CTRL+C to quit)
INFO:     Started reloader process [10744] using WatchFiles
INFO:     Started server process [40488]
INFO:     Waiting for application startup.
INFO:     Application startup complete.
WARNING:  WatchFiles detected changes in 'plana_engine\gis_masterplan_ai.py'. Reloading...
INFO:     Shutting down
INFO:     Waiting for application shutdown.
INFO:     Application shutdown complete.
INFO:     Finished server process [40488]
WARNING:  WatchFiles detected changes in 'plana_engine\api\main.py'. Reloading...
Task was destroyed but it is pending!
task: <Task pending name='Task-1' coro=<Server.serve() running at C:\Users\koish\AppData\Roaming\Python\Python312\site-packages\uvicorn\server.py:77>>
C:\Users\koish\AppData\Roaming\Python\Python312\site-packages\uvicorn\_subprocess.py:84: RuntimeWarning: coroutine 'Server.serve' was never awaited
  pass
RuntimeWarning: Enable tracemalloc to get the object allocation traceback
INFO:     Started server process [13028]
INFO:     Waiting for application startup.
INFO:     Application startup complete.
